-- Before running test, set statement_timeout to 1 minute so that even if some
-- error make 'gp_wait_parallel_retrieve_cursor()' hang, it will be canceled
-- when timeout.

!\retcode gpconfig -c statement_timeout -v 60000;
(exited with code 0)
!\retcode gpstop -u;
(exited with code 0)
BEGIN;
BEGIN
DECLARE c1 PARALLEL RETRIEVE CURSOR FOR SELECT 1;
ERROR:  extension "gp_parallel_retrieve_cursor" does not exist
END;
END
CREATE EXTENSION IF NOT EXISTS gp_parallel_retrieve_cursor;
CREATE
