DROP EXTENSION gp_parallel_retrieve_cursor;
DROP
!\retcode gpconfig -r statement_timeout;
(exited with code 0)
!\retcode gpstop -u;
(exited with code 0)
