Parsed test spec with 2 sessions

starting permutation: s2_sr s1_in s2_in s1_ct s2_ct s2_r s1_r s1_d s2_d s2_r s1_r s1_b s1_l s2_sw s2_vf s2_r s1_r
step s2_sr: SET ROLE testrole_vacuum_full;
step s1_in: SET gp_select_invisible=on;
step s2_in: SET gp_select_invisible=on;
step s1_ct: CREATE TABLE testtable_vacuum_full_to_skip AS SELECT generate_series(1,10);
step s2_ct: CREATE TABLE testtable_vacuum_full AS SELECT generate_series(1,10);
step s2_r: SELECT COUNT(*) FROM testtable_vacuum_full;
count          

10             
step s1_r: SELECT COUNT(*) FROM testtable_vacuum_full_to_skip;
count          

10             
step s1_d: DELETE FROM testtable_vacuum_full_to_skip;
step s2_d: DELETE FROM testtable_vacuum_full;
step s2_r: SELECT COUNT(*) FROM testtable_vacuum_full;
count          

10             
step s1_r: SELECT COUNT(*) FROM testtable_vacuum_full_to_skip;
count          

10             
step s1_b: BEGIN;
step s1_l: LOCK TABLE pg_database IN ACCESS SHARE MODE;
step s2_sw: SET client_min_messages TO ERROR;
step s2_vf: VACUUM FULL;
step s2_r: SELECT COUNT(*) FROM testtable_vacuum_full;
count          

0              
step s1_r: SELECT COUNT(*) FROM testtable_vacuum_full_to_skip;
count          

10             
