-- Test scenarios covering crash recovery for some specific DTM point.
--
-- start_matchsubs
--
-- # create a match/subs expression
--
-- s/\s+\(.*\.[ch]:\d+\)/ (SOMEFILE:SOMEFUNC)/
-- m/(PANIC):.*unable to complete*/
--
-- m/^DETAIL:.*gid=.*/
-- s/gid=\d+-\d+/gid DUMMY/
--
-- m/^ERROR:  Error on receive from seg0.*: server closed the connection unexpectedly/
-- s/^ERROR:  Error on receive from seg0.*: server closed the connection unexpectedly/ERROR: server closed the connection unexpectedly/
--
-- end_matchsubs

include: helpers/server_helpers.sql;
CREATE

-- This function is used to loop until master shutsdown, to make sure
-- next command executed is only after restart and doesn't go through
-- while PANIC is still being processed by master, as master continues
-- to accept connections for a while despite undergoing PANIC.
CREATE OR REPLACE FUNCTION wait_till_master_shutsdown() RETURNS void AS $$ DECLARE i int; /* in func */ BEGIN i := 0; /* in func */ while i < 120 loop i := i + 1; /* in func */ PERFORM pg_sleep(.5); /* in func */ end loop; /* in func */ END; /* in func */ $$ LANGUAGE plpgsql;
CREATE

-- Verify that all primary segments are good.
-- We don't print mode directly because mirrored/mirrorless cluster is different: mirrorless cluster
-- has mode='n' for all segments. But it should be easy to deduce the actual mode if the result unmatched.
1:SELECT role, preferred_role, content, status, mode = 's' or (mode = 'n' and (g1.content = -1 or (select count(*) from gp_segment_configuration g2 where g1.content = g2.content) = 1)) as is_mode_normal FROM gp_segment_configuration g1 where role = 'p';
 role | preferred_role | content | status | is_mode_normal 
------+----------------+---------+--------+----------------
 p    | p              | -1      | u      | t              
 p    | p              | 0       | u      | t              
 p    | p              | 1       | u      | t              
 p    | p              | 2       | u      | t              
(4 rows)
-- Scenario 1: Test to fail broadcasting of COMMIT PREPARED to one
-- segment and hence trigger PANIC in master while after completing
-- phase 2 of 2PC. Master's recovery cycle should correctly broadcast
-- COMMIT PREPARED again because master should find distributed commit
-- record in its xlog during recovery. Verify that the transaction is
-- committed after recovery. This scenario used to create cluster
-- inconsistency due to bug fixed now, as transaction used to get
-- committed on all segments except one where COMMIT PREPARED
-- broadcast failed before recovery. Master used to miss sending the
-- COMMIT PREPARED across restart and instead abort the transaction
-- after querying in-doubt prepared transactions from segments.
1: CREATE EXTENSION IF NOT EXISTS gp_inject_fault;
CREATE
-- Inject fault to fail the COMMIT PREPARED on one segment.
-- Temporarily disable retry finish prepared in this session, because
-- we are not interested in testing the retry logic.  This makes it
-- suffice to trigger the fault only once.  Otherwise, the fault may
-- continue to trigger even after PANIC on coordinator, impacting
-- finish prepared operation during crash recovery.
1: SET dtx_phase2_retry_count = 0;
SET
1: SELECT gp_inject_fault('finish_prepared_start_of_function', 'error', dbid) from gp_segment_configuration where content=0 and role='p';
 gp_inject_fault 
-----------------
 Success:        
(1 row)
-- Start looping in background, till master panics and closes the session
3&: SELECT wait_till_master_shutsdown();  <waiting ...>
-- Start transaction which should hit PANIC as COMMIT PREPARED will fail to one segment
1: CREATE TABLE commit_phase1_panic(a int, b int);
PANIC:  unable to complete 'Commit Prepared' broadcast (cdbtm.c:661)
DETAIL:  gid=1561100299-0000000009, state=Retry Commit Prepared
server closed the connection unexpectedly
	This probably means the server terminated abnormally
	before or while processing the request.
-- Reset the fault in utility mode because normal mode connection will
-- not be accepted until DTX recovery is finished.
-1U: SELECT gp_inject_fault('finish_prepared_start_of_function', 'reset', dbid) from gp_segment_configuration where content=0 and role='p';
 gp_inject_fault 
-----------------
 Success:        
(1 row)
-1Uq: ... <quitting>
-- Join back to know master has completed postmaster reset.
3<:  <... completed>
server closed the connection unexpectedly
	This probably means the server terminated abnormally
	before or while processing the request.
-- Start a session on master which would complete the DTM recovery and hence COMMIT PREPARED
4: SELECT * from commit_phase1_panic;
 a | b 
---+---
(0 rows)
4: INSERT INTO commit_phase1_panic select i,i from generate_series(1, 10)i;
INSERT 10
4: SELECT count(*) from commit_phase1_panic;
 count 
-------
 10    
(1 row)
1q: ... <quitting>
3q: ... <quitting>
4q: ... <quitting>

-- Scenario 2: Inject FATAL on master after recording commit but
-- before broadcasting COMMIT_PREPARED to segments. FATAL must convert
-- to PANIC and make sure to complete the 2PC processing and not leave
-- dangling prepared transaction. There used to bug as a result the
-- master backend process would just die, leaving dangling prepared
-- transaction on segment but commited on master.

-- Start looping in background, till master panics and closes the
-- session
5&: SELECT wait_till_master_shutsdown();  <waiting ...>
6: SELECT gp_inject_fault('dtm_broadcast_commit_prepared', 'fatal', dbid) from gp_segment_configuration where role='p' and content=-1;
 gp_inject_fault 
-----------------
 Success:        
(1 row)
6: CREATE TABLE commit_fatal_fault_test_table(a int, b int);
PANIC:  fault triggered, fault name:'dtm_broadcast_commit_prepared' fault type:'fatal'
server closed the connection unexpectedly
	This probably means the server terminated abnormally
	before or while processing the request.
5<:  <... completed>
server closed the connection unexpectedly
	This probably means the server terminated abnormally
	before or while processing the request.
-- Start a session on master which would complete the DTM recovery and hence COMMIT PREPARED
7: SELECT count(*) from commit_fatal_fault_test_table;
 count 
-------
 0     
(1 row)
7: SELECT * FROM gp_dist_random('pg_prepared_xacts');
 transaction | gid | prepared | owner | database 
-------------+-----+----------+-------+----------
(0 rows)
7: SELECT gp_inject_fault('dtm_broadcast_commit_prepared', 'reset', dbid) from gp_segment_configuration where role='p' and content=-1;
 gp_inject_fault 
-----------------
 Success:        
(1 row)
5q: ... <quitting>
6q: ... <quitting>
7q: ... <quitting>

-- Scenario 3: Inject ERROR after prepare phase has completed to
-- trigger abort. Then on abort inject FATAL on master before sending
-- ABORT_PREPARED. FATAL must convert to PANIC and make sure to
-- complete the 2PC processing and not leave dangling prepared
-- transaction. There used to bug as a result the master backend
-- process would just die, leaving dangling prepared transaction on
-- segment but aborted on master.

-- Start looping in background, till master panics and closes the
-- session
8&: SELECT wait_till_master_shutsdown();  <waiting ...>
9: SELECT gp_inject_fault('transaction_abort_after_distributed_prepared', 'error', dbid) from gp_segment_configuration where role='p' and content=-1;
 gp_inject_fault 
-----------------
 Success:        
(1 row)
9: SELECT gp_inject_fault('dtm_broadcast_abort_prepared', 'fatal', dbid) from gp_segment_configuration where role='p' and content=-1;
 gp_inject_fault 
-----------------
 Success:        
(1 row)
9: CREATE TABLE abort_fatal_fault_test_table(a int, b int);
ERROR:  fault triggered, fault name:'transaction_abort_after_distributed_prepared' fault type:'error'
PANIC:  fault triggered, fault name:'dtm_broadcast_abort_prepared' fault type:'fatal'
server closed the connection unexpectedly
	This probably means the server terminated abnormally
	before or while processing the request.
8<:  <... completed>
server closed the connection unexpectedly
	This probably means the server terminated abnormally
	before or while processing the request.
10: SELECT count(*) from abort_fatal_fault_test_table;
ERROR:  relation "abort_fatal_fault_test_table" does not exist
LINE 1: SELECT count(*) from abort_fatal_fault_test_table;
                             ^
10: SELECT * FROM gp_dist_random('pg_prepared_xacts');
 transaction | gid | prepared | owner | database 
-------------+-----+----------+-------+----------
(0 rows)
10: SELECT gp_inject_fault('transaction_abort_after_distributed_prepared', 'reset', dbid) from gp_segment_configuration where role='p' and content=-1;
 gp_inject_fault 
-----------------
 Success:        
(1 row)
10: SELECT gp_inject_fault('dtm_broadcast_abort_prepared', 'reset', dbid) from gp_segment_configuration where role='p' and content=-1;
 gp_inject_fault 
-----------------
 Success:        
(1 row)
8q: ... <quitting>
9q: ... <quitting>
10q: ... <quitting>

-- Scenario 4: QE panics after writing prepare xlog record. This
-- should cause master to broadcast abort and QEs handle the abort in
-- DTX_CONTEXT_LOCAL_ONLY context.
11: CREATE TABLE QE_panic_test_table(a int, b int);
CREATE
11: INSERT INTO QE_panic_test_table SELECT * from generate_series(0, 9);
INSERT 10
-- To help speedy recovery
11: CHECKPOINT;
CHECKPOINT
-- Set to maximum number of 2PC retries to avoid any failures. Alter
-- system is required to set the GUC and can't be set on session level
-- as session reset happens for every abort retry.
11: alter system set dtx_phase2_retry_count to 1500;
ALTER
11: select pg_reload_conf();
 pg_reload_conf 
----------------
 t              
(1 row)
-- skip FTS probes always
11: SELECT gp_inject_fault_infinite('fts_probe', 'skip', dbid) from gp_segment_configuration where role='p' and content=-1;
 gp_inject_fault_infinite 
--------------------------
 Success:                 
(1 row)
11: SELECT gp_request_fts_probe_scan();
 gp_request_fts_probe_scan 
---------------------------
 t                         
(1 row)
11: select gp_wait_until_triggered_fault('fts_probe', 1, dbid) from gp_segment_configuration where role='p' and content=-1;
 gp_wait_until_triggered_fault 
-------------------------------
 Success:                      
(1 row)
11: SELECT gp_inject_fault('end_prepare_two_phase', 'infinite_loop', dbid) from gp_segment_configuration where role='p' and content=0;
 gp_inject_fault 
-----------------
 Success:        
(1 row)
-- statement to trigger fault after writing prepare record
12&: DELETE FROM QE_panic_test_table;  <waiting ...>
11: SELECT gp_wait_until_triggered_fault('end_prepare_two_phase', 1, dbid) from gp_segment_configuration where role='p' and content=0;
 gp_wait_until_triggered_fault 
-------------------------------
 Success:                      
(1 row)
11: SELECT pg_ctl(datadir, 'restart') from gp_segment_configuration where role = 'p' and content = 0;
 pg_ctl 
--------
 OK     
(1 row)
12<:  <... completed>
ERROR:  Error on receive from seg0 127.0.0.1:7002 pid=25361: server closed the connection unexpectedly
	This probably means the server terminated abnormally
	before or while processing the request.
13: SELECT count(*) from QE_panic_test_table;
 count 
-------
 10    
(1 row)
13: SELECT * FROM gp_dist_random('pg_prepared_xacts');
 transaction | gid | prepared | owner | database 
-------------+-----+----------+-------+----------
(0 rows)
11q: ... <quitting>
12q: ... <quitting>
13q: ... <quitting>

-- Scenario 5: QE panics before committing prepared transactions. The WAL record of `prepare transaction` could have
-- been added either before the checkpoint or after it.
1: TRUNCATE TABLE QE_panic_test_table;
TRUNCATE
1: SELECT gp_inject_fault_infinite('finish_prepared_start_of_function', 'infinite_loop', dbid) from gp_segment_configuration where role='p' and content=0;
 gp_inject_fault_infinite 
--------------------------
 Success:                 
(1 row)
-- this prepared transaction should be recorded in the checkpoint or on the file
2&: INSERT INTO QE_panic_test_table SELECT i, i+1 from generate_series(1, 6) i;  <waiting ...>
1: CHECKPOINT;
CHECKPOINT
3: BEGIN;
BEGIN
3: INSERT INTO QE_panic_test_table SELECT i, i+1 from generate_series(7, 12) i;
INSERT 6
3: CREATE TABLE QE_panic_test_table2(i int);
CREATE
3&: END;  <waiting ...>

1: SELECT gp_wait_until_triggered_fault('finish_prepared_start_of_function', 2, dbid) from gp_segment_configuration where role='p' and content=0;
 gp_wait_until_triggered_fault 
-------------------------------
 Success:                      
(1 row)
1: SELECT pg_ctl(datadir, 'restart') from gp_segment_configuration where role = 'p' and content = 0;
 pg_ctl 
--------
 OK     
(1 row)
2<:  <... completed>
INSERT 6
3<:  <... completed>
END
4: SELECT gp_segment_id, * from QE_panic_test_table order by gp_segment_id, a;
 gp_segment_id | a  | b  
---------------+----+----
 0             | 2  | 3  
 0             | 3  | 4  
 0             | 4  | 5  
 0             | 7  | 8  
 0             | 8  | 9  
 1             | 1  | 2  
 1             | 12 | 13 
 2             | 5  | 6  
 2             | 6  | 7  
 2             | 9  | 10 
 2             | 10 | 11 
 2             | 11 | 12 
(12 rows)
4: SELECT * from QE_panic_test_table2;
 i 
---
(0 rows)
1q: ... <quitting>
2q: ... <quitting>
3q: ... <quitting>
4q: ... <quitting>



-- cleanup
1: SELECT gp_inject_fault('fts_probe', 'reset', dbid) from gp_segment_configuration where role='p' and content=-1;
 gp_inject_fault 
-----------------
 Success:        
(1 row)
1: alter system reset dtx_phase2_retry_count;
ALTER
1: select pg_reload_conf();
 pg_reload_conf 
----------------
 t              
(1 row)
1: select dbid, content, role, status from gp_segment_configuration where role != preferred_role or status='d';
 dbid | content | role | status 
------+---------+------+--------
(0 rows)
1q: ... <quitting>

-- Scenario 6: QD panics when a QE process is doing prepare but not yet finished.
-- This should cause dtx recovery finally aborts the orphaned prepared transaction.
15: CREATE TABLE master_reset(a int);
CREATE
15: SELECT gp_inject_fault_infinite('before_xlog_xact_prepare', 'suspend', dbid) from gp_segment_configuration where role = 'p' and content = 1;
 gp_inject_fault_infinite 
--------------------------
 Success:                 
(1 row)
15: SELECT gp_inject_fault_infinite('after_xlog_xact_prepare_flushed', 'skip', dbid) from gp_segment_configuration where role = 'p' and content = 1;
 gp_inject_fault_infinite 
--------------------------
 Success:                 
(1 row)
16&: INSERT INTO master_reset SELECT a from generate_series(1, 10) a;  <waiting ...>
15: SELECT gp_wait_until_triggered_fault('before_xlog_xact_prepare', 1, dbid) from gp_segment_configuration where role = 'p' and content = 1;
 gp_wait_until_triggered_fault 
-------------------------------
 Success:                      
(1 row)

-- set gucs to speed up testing
15: ALTER SYSTEM SET gp_dtx_recovery_prepared_period to 0;
ALTER
15: ALTER SYSTEM SET gp_dtx_recovery_interval to 5;
ALTER
15: SELECT pg_reload_conf();
 pg_reload_conf 
----------------
 t              
(1 row)

-- trigger master panic and wait until master down before running any new query.
17&: SELECT wait_till_master_shutsdown();  <waiting ...>
18: SELECT gp_inject_fault('exec_simple_query_start', 'panic', current_setting('gp_dbid')::smallint);
 gp_inject_fault 
-----------------
 Success:        
(1 row)
18: SELECT 1;
PANIC:  fault triggered, fault name:'exec_simple_query_start' fault type:'panic'
server closed the connection unexpectedly
	This probably means the server terminated abnormally
	before or while processing the request.
16<:  <... completed>
server closed the connection unexpectedly
	This probably means the server terminated abnormally
	before or while processing the request.
17<:  <... completed>
server closed the connection unexpectedly
	This probably means the server terminated abnormally
	before or while processing the request.

-- wait until master is up for querying.
19: SELECT 1;
 ?column? 
----------
 1        
(1 row)

-- master suspends before running periodical checking of orphaned prepared transactions.
19: SELECT gp_inject_fault_infinite('before_orphaned_check', 'suspend', dbid) from gp_segment_configuration where role = 'p' and content = -1;
 gp_inject_fault_infinite 
--------------------------
 Success:                 
(1 row)
19: SELECT gp_wait_until_triggered_fault('before_orphaned_check', 1, dbid) from gp_segment_configuration where role = 'p' and content = -1;
 gp_wait_until_triggered_fault 
-------------------------------
 Success:                      
(1 row)

-- let prepare finish else dtx recovery can not abort the prepared transaction.
19: SELECT gp_inject_fault_infinite('before_xlog_xact_prepare', 'reset', dbid) from gp_segment_configuration where role = 'p' and content = 1;
 gp_inject_fault_infinite 
--------------------------
 Success:                 
(1 row)
19: SELECT gp_wait_until_triggered_fault('after_xlog_xact_prepare_flushed', 1, dbid) from gp_segment_configuration where role = 'p' and content = 1;
 gp_wait_until_triggered_fault 
-------------------------------
 Success:                      
(1 row)
19: SELECT gp_inject_fault_infinite('after_xlog_xact_prepare_flushed', 'reset', dbid) from gp_segment_configuration where role = 'p' and content = 1;
 gp_inject_fault_infinite 
--------------------------
 Success:                 
(1 row)

-- should exist an orphaned prepared transaction.
1U: SELECT count(*) from pg_prepared_xacts;
 count 
-------
 1     
(1 row)

-- if there is orphaned prepared transaction, drop would hang since
-- the orphaned prepared transaction holds lock of the table that conflicts
-- with required lock of the drop operation.
19: SELECT gp_inject_fault_infinite('before_orphaned_check', 'reset', dbid) from gp_segment_configuration where role = 'p' and content = -1;
 gp_inject_fault_infinite 
--------------------------
 Success:                 
(1 row)
19: DROP TABLE master_reset;
DROP
19: ALTER SYSTEM RESET gp_dtx_recovery_interval;
ALTER
19: ALTER SYSTEM RESET gp_dtx_recovery_prepared_period;
ALTER
19: SELECT pg_reload_conf();
 pg_reload_conf 
----------------
 t              
(1 row)

-- ensure the orphaned prepared transaction is gone.
1U: SELECT * from pg_prepared_xacts;
 transaction | gid | prepared | owner | database 
-------------+-----+----------+-------+----------
(0 rows)

-- Scenario 7: retry Abort Prepared on QD fails but won't cause panic. The dtx
-- recovery process finally aborts it.

-- speed up testing by setting some gucs.
20: ALTER SYSTEM SET gp_dtx_recovery_prepared_period to 0;
ALTER
20: ALTER SYSTEM SET gp_dtx_recovery_interval to 5;
ALTER
20: ALTER SYSTEM SET dtx_phase2_retry_count to 2;
ALTER
20: SELECT pg_reload_conf();
 pg_reload_conf 
----------------
 t              
(1 row)

20: CREATE TABLE test_retry_abort(a int);
CREATE

-- master: set fault to trigger abort prepare
-- primary 0: set fault so that retry prepared abort fails.
20: SELECT gp_inject_fault('dtm_broadcast_prepare', 'error', dbid) from gp_segment_configuration where role = 'p' and content = -1;
 gp_inject_fault 
-----------------
 Success:        
(1 row)
20: SELECT gp_inject_fault_infinite('finish_prepared_start_of_function', 'error', dbid) from gp_segment_configuration where role = 'p' and content = 0;
 gp_inject_fault_infinite 
--------------------------
 Success:                 
(1 row)

-- run two phase query.
21: INSERT INTO test_retry_abort SELECT generate_series(1,10);
ERROR:  fault triggered, fault name:'dtm_broadcast_prepare' fault type:'error'

-- verify the transaction was aborted and there is one orphaned prepared
-- transaction on seg0.
20: SELECT * from test_retry_abort;
 a 
---
(0 rows)
0U: SELECT count(*) from pg_prepared_xacts;
 count 
-------
 1     
(1 row)

-- dtx recovery ready to handle the orphaned prepared transaction.
20: SELECT gp_inject_fault_infinite('before_orphaned_check', 'suspend', dbid) from gp_segment_configuration where role = 'p' and content = -1;
 gp_inject_fault_infinite 
--------------------------
 Success:                 
(1 row)
20: SELECT gp_wait_until_triggered_fault('before_orphaned_check', 1, dbid) from gp_segment_configuration where role = 'p' and content = -1;
 gp_wait_until_triggered_fault 
-------------------------------
 Success:                      
(1 row)
20: SELECT gp_inject_fault_infinite('after_orphaned_check', 'skip', dbid) from gp_segment_configuration where role = 'p' and content = -1;
 gp_inject_fault_infinite 
--------------------------
 Success:                 
(1 row)

-- kick off abort prepared on seg0 and then dtx recovery will abort that one.
20: SELECT gp_inject_fault_infinite('finish_prepared_start_of_function', 'reset', dbid) from gp_segment_configuration where role = 'p' and content = 0;
 gp_inject_fault_infinite 
--------------------------
 Success:                 
(1 row)
20: SELECT gp_inject_fault_infinite('before_orphaned_check', 'reset', dbid) from gp_segment_configuration where role = 'p' and content = -1;
 gp_inject_fault_infinite 
--------------------------
 Success:                 
(1 row)

-- verify there is no orphaned prepared transaction on seg0.
20: SELECT gp_wait_until_triggered_fault('after_orphaned_check', 1, dbid) from gp_segment_configuration where role = 'p' and content = -1;
 gp_wait_until_triggered_fault 
-------------------------------
 Success:                      
(1 row)
0U: SELECT * from pg_prepared_xacts;
 transaction | gid | prepared | owner | database 
-------------+-----+----------+-------+----------
(0 rows)

-- cleanup
20: ALTER SYSTEM RESET gp_dtx_recovery_interval;
ALTER
20: ALTER SYSTEM RESET gp_dtx_recovery_prepared_period;
ALTER
20: ALTER SYSTEM RESET dtx_phase2_retry_count;
ALTER
20: SELECT pg_reload_conf();
 pg_reload_conf 
----------------
 t              
(1 row)
20: SELECT gp_inject_fault('dtm_broadcast_prepare', 'reset', dbid) from gp_segment_configuration where role = 'p' and content = -1;
 gp_inject_fault 
-----------------
 Success:        
(1 row)
20: SELECT gp_inject_fault_infinite('after_orphaned_check', 'reset', dbid) from gp_segment_configuration where role = 'p' and content = -1;
 gp_inject_fault_infinite 
--------------------------
 Success:                 
(1 row)
20: DROP TABLE test_retry_abort;
DROP
