CREATE TABLE gp_lock_test (a int);
BEGIN;
LOCK TABLE gp_lock_test IN ACCESS SHARE MODE;
SELECT l.gp_segment_id, c.relname, l.mode, l.granted
FROM pg_locks l, pg_class c WHERE l.relation = c.oid and c.relname = 'gp_lock_test';
 gp_segment_id |   relname    |      mode       | granted 
---------------+--------------+-----------------+---------
             0 | gp_lock_test | AccessShareLock | t
             1 | gp_lock_test | AccessShareLock | t
             2 | gp_lock_test | AccessShareLock | t
            -1 | gp_lock_test | AccessShareLock | t
(4 rows)

ROLLBACK;
BEGIN;
LOCK TABLE gp_lock_test IN ACCESS SHARE MODE MASTER ONLY;
SELECT l.gp_segment_id, c.relname, l.mode, l.granted
FROM pg_locks l, pg_class c WHERE l.relation = c.oid and c.relname = 'gp_lock_test';
 gp_segment_id |   relname    |      mode       | granted 
---------------+--------------+-----------------+---------
            -1 | gp_lock_test | AccessShareLock | t
(1 row)

ROLLBACK;
-- other modes are not supported
BEGIN;
LOCK TABLE gp_lock_test IN EXCLUSIVE MODE MASTER ONLY;
ERROR:  provided lock mode is not supported for MASTER ONLY
LINE 1: LOCK TABLE gp_lock_test IN EXCLUSIVE MODE MASTER ONLY;
                                ^
HINT:  Only ACCESS SHARE mode is supported for MASTER ONLY.
ROLLBACK;
DROP TABLE gp_lock_test;
