-- Test resgroup oid larger than int32.
create extension if not exists gp_inject_fault;
CREATE

select gp_inject_fault('bump_oid', 'skip', dbid) from gp_segment_configuration where role = 'p' and content = -1;
 gp_inject_fault 
-----------------
 Success:        
(1 row)

create resource group rg_large_oid with (cpu_rate_limit=20, memory_limit=10);
CREATE

select gp_inject_fault('bump_oid', 'reset', dbid) from gp_segment_configuration where role = 'p' and content = -1;
 gp_inject_fault 
-----------------
 Success:        
(1 row)

select max(oid)::bigint > (power(2,31) + 1)::bigint from pg_resgroup;
 ?column? 
----------
 t        
(1 row)

-- count(*) > 0 to run the SQL but do not display the result
select count(*) > 0 from pg_resgroup_get_status(NULL);
 ?column? 
----------
 t        
(1 row)

drop resource group rg_large_oid;
DROP
